// Jest Snapshot v1, https://goo.gl/fbAQLP

exports[`Introduction component should render 1`] = `
ShallowWrapper {
  "complexSelector": ComplexSelector {
    "buildPredicate": [Function],
    "childrenOfNode": [Function],
    "findWhereUnwrapped": [Function],
  },
  "length": 1,
  "node": <div
    className="m-4"
>
    <hr />
    <h4>
        Kalkulator AGH policzy za Ciebie ile otrzymasz punktów podczas rekrutacji
    </h4>
    <br />
    <p>
        1. Dodaj przedmioty główne (czyli np. matematyka, fizyka), które są liczone na wybranym przez Ciebie kierunku
        <br />
        2. Dodaj języki zdane na maturze
        <br />
        3. Sprawdź wynik!
        <br />
    </p>
    <hr />
</div>,
  "nodes": Array [
    <div
      className="m-4"
>
      <hr />
      <h4>
            Kalkulator AGH policzy za Ciebie ile otrzymasz punktów podczas rekrutacji
      </h4>
      <br />
      <p>
            1. Dodaj przedmioty główne (czyli np. matematyka, fizyka), które są liczone na wybranym przez Ciebie kierunku
            <br />
            2. Dodaj języki zdane na maturze
            <br />
            3. Sprawdź wynik!
            <br />
      </p>
      <hr />
</div>,
  ],
  "options": Object {},
  "renderer": ReactShallowRenderer {
    "_instance": ShallowComponentWrapper {
      "_calledComponentWillUnmount": false,
      "_compositeType": 2,
      "_context": Object {},
      "_currentElement": <Introduction />,
      "_debugID": 1,
      "_hostContainerInfo": null,
      "_hostParent": null,
      "_instance": StatelessComponent {
        "_reactInternalInstance": [Circular],
        "context": Object {},
        "props": Object {},
        "refs": Object {},
        "state": null,
        "updater": Object {
          "enqueueCallback": [Function],
          "enqueueCallbackInternal": [Function],
          "enqueueElementInternal": [Function],
          "enqueueForceUpdate": [Function],
          "enqueueReplaceState": [Function],
          "enqueueSetState": [Function],
          "isMounted": [Function],
          "validateCallback": [Function],
        },
      },
      "_mountOrder": 1,
      "_pendingCallbacks": null,
      "_pendingElement": null,
      "_pendingForceUpdate": false,
      "_pendingReplaceState": false,
      "_pendingStateQueue": null,
      "_renderedComponent": NoopInternalComponent {
        "_currentElement": <div
          className="m-4"
>
          <hr />
          <h4>
                    Kalkulator AGH policzy za Ciebie ile otrzymasz punktów podczas rekrutacji
          </h4>
          <br />
          <p>
                    1. Dodaj przedmioty główne (czyli np. matematyka, fizyka), które są liczone na wybranym przez Ciebie kierunku
                    <br />
                    2. Dodaj języki zdane na maturze
                    <br />
                    3. Sprawdź wynik!
                    <br />
          </p>
          <hr />
</div>,
        "_debugID": 2,
        "_renderedOutput": <div
          className="m-4"
>
          <hr />
          <h4>
                    Kalkulator AGH policzy za Ciebie ile otrzymasz punktów podczas rekrutacji
          </h4>
          <br />
          <p>
                    1. Dodaj przedmioty główne (czyli np. matematyka, fizyka), które są liczone na wybranym przez Ciebie kierunku
                    <br />
                    2. Dodaj języki zdane na maturze
                    <br />
                    3. Sprawdź wynik!
                    <br />
          </p>
          <hr />
</div>,
      },
      "_renderedNodeType": 0,
      "_rootNodeID": 0,
      "_topLevelWrapper": null,
      "_updateBatchNumber": null,
      "_warnedAboutRefsInRender": false,
    },
    "getRenderOutput": [Function],
    "render": [Function],
  },
  "root": [Circular],
  "unrendered": <Introduction />,
}
`;
