// Jest Snapshot v1, https://goo.gl/fbAQLP

exports[`DeleteSubject component should render 1`] = `
ShallowWrapper {
  "complexSelector": ComplexSelector {
    "buildPredicate": [Function],
    "childrenOfNode": [Function],
    "findWhereUnwrapped": [Function],
  },
  "length": 1,
  "node": <img
    alt="Usuń przedmiot"
    className="subject-icon"
    onClick={[Function]}
    src="https://png.icons8.com/delete-bin/ios7/100"
/>,
  "nodes": Array [
    <img
      alt="Usuń przedmiot"
      className="subject-icon"
      onClick={[Function]}
      src="https://png.icons8.com/delete-bin/ios7/100"
/>,
  ],
  "options": Object {},
  "renderer": ReactShallowRenderer {
    "_instance": ShallowComponentWrapper {
      "_calledComponentWillUnmount": false,
      "_compositeType": 2,
      "_context": Object {},
      "_currentElement": <DeleteSubject
        id="0"
        onDelete={[Function]}
        subjectsType="primary"
/>,
      "_debugID": 1,
      "_hostContainerInfo": null,
      "_hostParent": null,
      "_instance": StatelessComponent {
        "_reactInternalInstance": [Circular],
        "context": Object {},
        "props": Object {
          "id": "0",
          "onDelete": [Function],
          "subjectsType": "primary",
        },
        "refs": Object {},
        "state": null,
        "updater": Object {
          "enqueueCallback": [Function],
          "enqueueCallbackInternal": [Function],
          "enqueueElementInternal": [Function],
          "enqueueForceUpdate": [Function],
          "enqueueReplaceState": [Function],
          "enqueueSetState": [Function],
          "isMounted": [Function],
          "validateCallback": [Function],
        },
      },
      "_mountOrder": 1,
      "_pendingCallbacks": null,
      "_pendingElement": null,
      "_pendingForceUpdate": false,
      "_pendingReplaceState": false,
      "_pendingStateQueue": null,
      "_renderedComponent": NoopInternalComponent {
        "_currentElement": <img
          alt="Usuń przedmiot"
          className="subject-icon"
          onClick={[Function]}
          src="https://png.icons8.com/delete-bin/ios7/100"
/>,
        "_debugID": 2,
        "_renderedOutput": <img
          alt="Usuń przedmiot"
          className="subject-icon"
          onClick={[Function]}
          src="https://png.icons8.com/delete-bin/ios7/100"
/>,
      },
      "_renderedNodeType": 0,
      "_rootNodeID": 0,
      "_topLevelWrapper": null,
      "_updateBatchNumber": null,
      "_warnedAboutRefsInRender": false,
    },
    "getRenderOutput": [Function],
    "render": [Function],
  },
  "root": [Circular],
  "unrendered": <DeleteSubject
    id="0"
    onDelete={[Function]}
    subjectsType="primary"
/>,
}
`;
