// Jest Snapshot v1, https://goo.gl/fbAQLP

exports[`Footer component should render 1`] = `
ShallowWrapper {
  "length": 1,
  Symbol(enzyme.__root__): [Circular],
  Symbol(enzyme.__unrendered__): <Footer />,
  Symbol(enzyme.__renderer__): Object {
    "batchedUpdates": [Function],
    "getNode": [Function],
    "render": [Function],
    "simulateEvent": [Function],
    "unmount": [Function],
  },
  Symbol(enzyme.__node__): Object {
    "instance": null,
    "key": null,
    "nodeType": "host",
    "props": Object {
      "children": Array [
        <div
          className="formulas-info"
>
          <div
                    className="formulas-info-content"
          >
                    Sposób obliczania punktów znajdziesz na stronie:  
                    <a
                              alt="Link do strony AGH ze sposobem obliczania punktów"
                              href="http://www.agh.edu.pl/rekrutacja/studia-pierwszego-stopnia/rekrutacja-20152016/nowa-matura/"
                              rel="noopener noreferrer"
                              target="_blank"
                    >
                              http://www.agh.edu.pl/rekrutacja/studia-pierwszego-stopnia/rekrutacja-20152016/nowa-matura/
                    </a>
          </div>
</div>,
        <div
          className="footer"
>
          <div
                    className="footer-content"
          >
                    Kalkulator AGH by 
                    <a
                              href="https://github.com/Fafruch"
                    >
                              Fafruch
                    </a>
                    . (2017)
          </div>
</div>,
      ],
    },
    "ref": null,
    "rendered": Array [
      Object {
        "instance": null,
        "key": null,
        "nodeType": "host",
        "props": Object {
          "children": <div
            className="formulas-info-content"
>
            Sposób obliczania punktów znajdziesz na stronie:  
            <a
                        alt="Link do strony AGH ze sposobem obliczania punktów"
                        href="http://www.agh.edu.pl/rekrutacja/studia-pierwszego-stopnia/rekrutacja-20152016/nowa-matura/"
                        rel="noopener noreferrer"
                        target="_blank"
            >
                        http://www.agh.edu.pl/rekrutacja/studia-pierwszego-stopnia/rekrutacja-20152016/nowa-matura/
            </a>
</div>,
          "className": "formulas-info",
        },
        "ref": null,
        "rendered": Object {
          "instance": null,
          "key": null,
          "nodeType": "host",
          "props": Object {
            "children": Array [
              "Sposób obliczania punktów znajdziesz na stronie:  ",
              <a
                alt="Link do strony AGH ze sposobem obliczania punktów"
                href="http://www.agh.edu.pl/rekrutacja/studia-pierwszego-stopnia/rekrutacja-20152016/nowa-matura/"
                rel="noopener noreferrer"
                target="_blank"
>
                http://www.agh.edu.pl/rekrutacja/studia-pierwszego-stopnia/rekrutacja-20152016/nowa-matura/
</a>,
            ],
            "className": "formulas-info-content",
          },
          "ref": null,
          "rendered": Array [
            "Sposób obliczania punktów znajdziesz na stronie:  ",
            Object {
              "instance": null,
              "key": null,
              "nodeType": "host",
              "props": Object {
                "alt": "Link do strony AGH ze sposobem obliczania punktów",
                "children": "http://www.agh.edu.pl/rekrutacja/studia-pierwszego-stopnia/rekrutacja-20152016/nowa-matura/",
                "href": "http://www.agh.edu.pl/rekrutacja/studia-pierwszego-stopnia/rekrutacja-20152016/nowa-matura/",
                "rel": "noopener noreferrer",
                "target": "_blank",
              },
              "ref": null,
              "rendered": "http://www.agh.edu.pl/rekrutacja/studia-pierwszego-stopnia/rekrutacja-20152016/nowa-matura/",
              "type": "a",
            },
          ],
          "type": "div",
        },
        "type": "div",
      },
      Object {
        "instance": null,
        "key": null,
        "nodeType": "host",
        "props": Object {
          "children": <div
            className="footer-content"
>
            Kalkulator AGH by 
            <a
                        href="https://github.com/Fafruch"
            >
                        Fafruch
            </a>
            . (2017)
</div>,
          "className": "footer",
        },
        "ref": null,
        "rendered": Object {
          "instance": null,
          "key": null,
          "nodeType": "host",
          "props": Object {
            "children": Array [
              "Kalkulator AGH by ",
              <a
                href="https://github.com/Fafruch"
>
                Fafruch
</a>,
              ". (2017)",
            ],
            "className": "footer-content",
          },
          "ref": null,
          "rendered": Array [
            "Kalkulator AGH by ",
            Object {
              "instance": null,
              "key": null,
              "nodeType": "host",
              "props": Object {
                "children": "Fafruch",
                "href": "https://github.com/Fafruch",
              },
              "ref": null,
              "rendered": "Fafruch",
              "type": "a",
            },
            ". (2017)",
          ],
          "type": "div",
        },
        "type": "div",
      },
    ],
    "type": "div",
  },
  Symbol(enzyme.__nodes__): Array [
    Object {
      "instance": null,
      "key": null,
      "nodeType": "host",
      "props": Object {
        "children": Array [
          <div
            className="formulas-info"
>
            <div
                        className="formulas-info-content"
            >
                        Sposób obliczania punktów znajdziesz na stronie:  
                        <a
                                    alt="Link do strony AGH ze sposobem obliczania punktów"
                                    href="http://www.agh.edu.pl/rekrutacja/studia-pierwszego-stopnia/rekrutacja-20152016/nowa-matura/"
                                    rel="noopener noreferrer"
                                    target="_blank"
                        >
                                    http://www.agh.edu.pl/rekrutacja/studia-pierwszego-stopnia/rekrutacja-20152016/nowa-matura/
                        </a>
            </div>
</div>,
          <div
            className="footer"
>
            <div
                        className="footer-content"
            >
                        Kalkulator AGH by 
                        <a
                                    href="https://github.com/Fafruch"
                        >
                                    Fafruch
                        </a>
                        . (2017)
            </div>
</div>,
        ],
      },
      "ref": null,
      "rendered": Array [
        Object {
          "instance": null,
          "key": null,
          "nodeType": "host",
          "props": Object {
            "children": <div
              className="formulas-info-content"
>
              Sposób obliczania punktów znajdziesz na stronie:  
              <a
                            alt="Link do strony AGH ze sposobem obliczania punktów"
                            href="http://www.agh.edu.pl/rekrutacja/studia-pierwszego-stopnia/rekrutacja-20152016/nowa-matura/"
                            rel="noopener noreferrer"
                            target="_blank"
              >
                            http://www.agh.edu.pl/rekrutacja/studia-pierwszego-stopnia/rekrutacja-20152016/nowa-matura/
              </a>
</div>,
            "className": "formulas-info",
          },
          "ref": null,
          "rendered": Object {
            "instance": null,
            "key": null,
            "nodeType": "host",
            "props": Object {
              "children": Array [
                "Sposób obliczania punktów znajdziesz na stronie:  ",
                <a
                  alt="Link do strony AGH ze sposobem obliczania punktów"
                  href="http://www.agh.edu.pl/rekrutacja/studia-pierwszego-stopnia/rekrutacja-20152016/nowa-matura/"
                  rel="noopener noreferrer"
                  target="_blank"
>
                  http://www.agh.edu.pl/rekrutacja/studia-pierwszego-stopnia/rekrutacja-20152016/nowa-matura/
</a>,
              ],
              "className": "formulas-info-content",
            },
            "ref": null,
            "rendered": Array [
              "Sposób obliczania punktów znajdziesz na stronie:  ",
              Object {
                "instance": null,
                "key": null,
                "nodeType": "host",
                "props": Object {
                  "alt": "Link do strony AGH ze sposobem obliczania punktów",
                  "children": "http://www.agh.edu.pl/rekrutacja/studia-pierwszego-stopnia/rekrutacja-20152016/nowa-matura/",
                  "href": "http://www.agh.edu.pl/rekrutacja/studia-pierwszego-stopnia/rekrutacja-20152016/nowa-matura/",
                  "rel": "noopener noreferrer",
                  "target": "_blank",
                },
                "ref": null,
                "rendered": "http://www.agh.edu.pl/rekrutacja/studia-pierwszego-stopnia/rekrutacja-20152016/nowa-matura/",
                "type": "a",
              },
            ],
            "type": "div",
          },
          "type": "div",
        },
        Object {
          "instance": null,
          "key": null,
          "nodeType": "host",
          "props": Object {
            "children": <div
              className="footer-content"
>
              Kalkulator AGH by 
              <a
                            href="https://github.com/Fafruch"
              >
                            Fafruch
              </a>
              . (2017)
</div>,
            "className": "footer",
          },
          "ref": null,
          "rendered": Object {
            "instance": null,
            "key": null,
            "nodeType": "host",
            "props": Object {
              "children": Array [
                "Kalkulator AGH by ",
                <a
                  href="https://github.com/Fafruch"
>
                  Fafruch
</a>,
                ". (2017)",
              ],
              "className": "footer-content",
            },
            "ref": null,
            "rendered": Array [
              "Kalkulator AGH by ",
              Object {
                "instance": null,
                "key": null,
                "nodeType": "host",
                "props": Object {
                  "children": "Fafruch",
                  "href": "https://github.com/Fafruch",
                },
                "ref": null,
                "rendered": "Fafruch",
                "type": "a",
              },
              ". (2017)",
            ],
            "type": "div",
          },
          "type": "div",
        },
      ],
      "type": "div",
    },
  ],
  Symbol(enzyme.__options__): Object {
    "adapter": ReactSixteenAdapter {
      "options": Object {
        "enableComponentDidUpdateOnSetState": true,
      },
    },
  },
}
`;
