// Jest Snapshot v1, https://goo.gl/fbAQLP

exports[`Subjects component should render 1`] = `
ShallowWrapper {
  "complexSelector": ComplexSelector {
    "buildPredicate": [Function],
    "childrenOfNode": [Function],
    "findWhereUnwrapped": [Function],
  },
  "length": 1,
  "node": <div
    className="mt-5 mb-5"
>
    <h2>
        Przedmioty główne
         
    </h2>
    <Connect(SubjectList)
        subjectsType="primary"
    />
    <Connect(AddSubject)
        subjectsType="primary"
    />
</div>,
  "nodes": Array [
    <div
      className="mt-5 mb-5"
>
      <h2>
            Przedmioty główne
             
      </h2>
      <Connect(SubjectList)
            subjectsType="primary"
      />
      <Connect(AddSubject)
            subjectsType="primary"
      />
</div>,
  ],
  "options": Object {},
  "renderer": ReactShallowRenderer {
    "_instance": ShallowComponentWrapper {
      "_calledComponentWillUnmount": false,
      "_compositeType": 2,
      "_context": Object {},
      "_currentElement": <Subjects
        subjectsType="primary"
/>,
      "_debugID": 1,
      "_hostContainerInfo": null,
      "_hostParent": null,
      "_instance": StatelessComponent {
        "_reactInternalInstance": [Circular],
        "context": Object {},
        "props": Object {
          "subjectsType": "primary",
        },
        "refs": Object {},
        "state": null,
        "updater": Object {
          "enqueueCallback": [Function],
          "enqueueCallbackInternal": [Function],
          "enqueueElementInternal": [Function],
          "enqueueForceUpdate": [Function],
          "enqueueReplaceState": [Function],
          "enqueueSetState": [Function],
          "isMounted": [Function],
          "validateCallback": [Function],
        },
      },
      "_mountOrder": 1,
      "_pendingCallbacks": null,
      "_pendingElement": null,
      "_pendingForceUpdate": false,
      "_pendingReplaceState": false,
      "_pendingStateQueue": null,
      "_renderedComponent": NoopInternalComponent {
        "_currentElement": <div
          className="mt-5 mb-5"
>
          <h2>
                    Przedmioty główne
                     
          </h2>
          <Connect(SubjectList)
                    subjectsType="primary"
          />
          <Connect(AddSubject)
                    subjectsType="primary"
          />
</div>,
        "_debugID": 2,
        "_renderedOutput": <div
          className="mt-5 mb-5"
>
          <h2>
                    Przedmioty główne
                     
          </h2>
          <Connect(SubjectList)
                    subjectsType="primary"
          />
          <Connect(AddSubject)
                    subjectsType="primary"
          />
</div>,
      },
      "_renderedNodeType": 0,
      "_rootNodeID": 0,
      "_topLevelWrapper": null,
      "_updateBatchNumber": null,
      "_warnedAboutRefsInRender": false,
    },
    "getRenderOutput": [Function],
    "render": [Function],
  },
  "root": [Circular],
  "unrendered": <Subjects
    subjectsType="primary"
/>,
}
`;
