// Jest Snapshot v1, https://goo.gl/fbAQLP

exports[`AddSubject component should render 1`] = `
ShallowWrapper {
  "complexSelector": ComplexSelector {
    "buildPredicate": [Function],
    "childrenOfNode": [Function],
    "findWhereUnwrapped": [Function],
  },
  "length": 1,
  "node": <button
    className="btn btn-outline-danger"
    onClick={[Function]}
>
    Dodaj 
    przedmiot główny
</button>,
  "nodes": Array [
    <button
      className="btn btn-outline-danger"
      onClick={[Function]}
>
      Dodaj 
      przedmiot główny
</button>,
  ],
  "options": Object {},
  "renderer": ReactShallowRenderer {
    "_instance": ShallowComponentWrapper {
      "_calledComponentWillUnmount": false,
      "_compositeType": 2,
      "_context": Object {},
      "_currentElement": <AddSubject
        onAdd={[Function]}
        subjectsType="primary"
/>,
      "_debugID": 1,
      "_hostContainerInfo": null,
      "_hostParent": null,
      "_instance": StatelessComponent {
        "_reactInternalInstance": [Circular],
        "context": Object {},
        "props": Object {
          "onAdd": [Function],
          "subjectsType": "primary",
        },
        "refs": Object {},
        "state": null,
        "updater": Object {
          "enqueueCallback": [Function],
          "enqueueCallbackInternal": [Function],
          "enqueueElementInternal": [Function],
          "enqueueForceUpdate": [Function],
          "enqueueReplaceState": [Function],
          "enqueueSetState": [Function],
          "isMounted": [Function],
          "validateCallback": [Function],
        },
      },
      "_mountOrder": 1,
      "_pendingCallbacks": null,
      "_pendingElement": null,
      "_pendingForceUpdate": false,
      "_pendingReplaceState": false,
      "_pendingStateQueue": null,
      "_renderedComponent": NoopInternalComponent {
        "_currentElement": <button
          className="btn btn-outline-danger"
          onClick={[Function]}
>
          Dodaj 
          przedmiot główny
</button>,
        "_debugID": 2,
        "_renderedOutput": <button
          className="btn btn-outline-danger"
          onClick={[Function]}
>
          Dodaj 
          przedmiot główny
</button>,
      },
      "_renderedNodeType": 0,
      "_rootNodeID": 0,
      "_topLevelWrapper": null,
      "_updateBatchNumber": null,
      "_warnedAboutRefsInRender": false,
    },
    "getRenderOutput": [Function],
    "render": [Function],
  },
  "root": [Circular],
  "unrendered": <AddSubject
    onAdd={[Function]}
    subjectsType="primary"
/>,
}
`;
