// Jest Snapshot v1, https://goo.gl/fbAQLP

exports[`Datalist component should render 1`] = `
ShallowWrapper {
  "complexSelector": ComplexSelector {
    "buildPredicate": [Function],
    "childrenOfNode": [Function],
    "findWhereUnwrapped": [Function],
  },
  "length": 1,
  "node": <datalist
    id="primary"
>
    <option
        value="Biologia"
    />
    <option
        value="Chemia"
    />
    <option
        value="Fizyka"
    />
    <option
        value="Geografia"
    />
    <option
        value="Informatyka"
    />
    <option
        value="Matematyka"
    />
    <option
        value="Filozofia"
    />
    <option
        value="Historia"
    />
    <option
        value="Historia sztuki"
    />
    <option
        value="Wiedza o społeczeństwie"
    />
    <option
        value="Język polski"
    />
</datalist>,
  "nodes": Array [
    <datalist
      id="primary"
>
      <option
            value="Biologia"
      />
      <option
            value="Chemia"
      />
      <option
            value="Fizyka"
      />
      <option
            value="Geografia"
      />
      <option
            value="Informatyka"
      />
      <option
            value="Matematyka"
      />
      <option
            value="Filozofia"
      />
      <option
            value="Historia"
      />
      <option
            value="Historia sztuki"
      />
      <option
            value="Wiedza o społeczeństwie"
      />
      <option
            value="Język polski"
      />
</datalist>,
  ],
  "options": Object {},
  "renderer": ReactShallowRenderer {
    "_instance": ShallowComponentWrapper {
      "_calledComponentWillUnmount": false,
      "_compositeType": 2,
      "_context": Object {},
      "_currentElement": <Datalist
        subjectsType="primary"
/>,
      "_debugID": 1,
      "_hostContainerInfo": null,
      "_hostParent": null,
      "_instance": StatelessComponent {
        "_reactInternalInstance": [Circular],
        "context": Object {},
        "props": Object {
          "subjectsType": "primary",
        },
        "refs": Object {},
        "state": null,
        "updater": Object {
          "enqueueCallback": [Function],
          "enqueueCallbackInternal": [Function],
          "enqueueElementInternal": [Function],
          "enqueueForceUpdate": [Function],
          "enqueueReplaceState": [Function],
          "enqueueSetState": [Function],
          "isMounted": [Function],
          "validateCallback": [Function],
        },
      },
      "_mountOrder": 1,
      "_pendingCallbacks": null,
      "_pendingElement": null,
      "_pendingForceUpdate": false,
      "_pendingReplaceState": false,
      "_pendingStateQueue": null,
      "_renderedComponent": NoopInternalComponent {
        "_currentElement": <datalist
          id="primary"
>
          <option
                    value="Biologia"
          />
          <option
                    value="Chemia"
          />
          <option
                    value="Fizyka"
          />
          <option
                    value="Geografia"
          />
          <option
                    value="Informatyka"
          />
          <option
                    value="Matematyka"
          />
          <option
                    value="Filozofia"
          />
          <option
                    value="Historia"
          />
          <option
                    value="Historia sztuki"
          />
          <option
                    value="Wiedza o społeczeństwie"
          />
          <option
                    value="Język polski"
          />
</datalist>,
        "_debugID": 2,
        "_renderedOutput": <datalist
          id="primary"
>
          <option
                    value="Biologia"
          />
          <option
                    value="Chemia"
          />
          <option
                    value="Fizyka"
          />
          <option
                    value="Geografia"
          />
          <option
                    value="Informatyka"
          />
          <option
                    value="Matematyka"
          />
          <option
                    value="Filozofia"
          />
          <option
                    value="Historia"
          />
          <option
                    value="Historia sztuki"
          />
          <option
                    value="Wiedza o społeczeństwie"
          />
          <option
                    value="Język polski"
          />
</datalist>,
      },
      "_renderedNodeType": 0,
      "_rootNodeID": 0,
      "_topLevelWrapper": null,
      "_updateBatchNumber": null,
      "_warnedAboutRefsInRender": false,
    },
    "getRenderOutput": [Function],
    "render": [Function],
  },
  "root": [Circular],
  "unrendered": <Datalist
    subjectsType="primary"
/>,
}
`;
