// Jest Snapshot v1, https://goo.gl/fbAQLP

exports[`Subject component should render 1`] = `
ShallowWrapper {
  "complexSelector": ComplexSelector {
    "buildPredicate": [Function],
    "childrenOfNode": [Function],
    "findWhereUnwrapped": [Function],
  },
  "length": 1,
  "node": <table
    className="table mb-0"
>
    <tbody>
        <tr>
            <th>
                ID
            </th>
            <th>
                Przedmiot
            </th>
            <th>
                Wynik z matury podstawowej
            </th>
            <th>
                Wynik z matury rozszerzonej
            </th>
            <th />
            <th />
        </tr>
        <tr>
            <td>
                2
            </td>
            <td>
                <NameInput
                    onChange={[Function]}
                    subject={
                        Object {
                            "active": true,
                            "advancedScore": 82,
                            "elementaryScore": 100,
                            "id": "0",
                            "maxScore": Object {
                              "formula": "A/B",
                              "value": 182,
                            },
                            "name": "Matematyka",
                          }
                    }
                    subjectsType="primary"
                />
            </td>
            <td>
                <ScoreRangeInput
                    examType="elementary"
                    onChange={[Function]}
                    subject={
                        Object {
                            "active": true,
                            "advancedScore": 82,
                            "elementaryScore": 100,
                            "id": "0",
                            "maxScore": Object {
                              "formula": "A/B",
                              "value": 182,
                            },
                            "name": "Matematyka",
                          }
                    }
                    subjectsType="primary"
                />
                <ScoreTextInput
                    examType="elementary"
                    onChange={[Function]}
                    subject={
                        Object {
                            "active": true,
                            "advancedScore": 82,
                            "elementaryScore": 100,
                            "id": "0",
                            "maxScore": Object {
                              "formula": "A/B",
                              "value": 182,
                            },
                            "name": "Matematyka",
                          }
                    }
                    subjectsType="primary"
                />
                %
            </td>
            <td>
                <ScoreRangeInput
                    examType="advanced"
                    onChange={[Function]}
                    subject={
                        Object {
                            "active": true,
                            "advancedScore": 82,
                            "elementaryScore": 100,
                            "id": "0",
                            "maxScore": Object {
                              "formula": "A/B",
                              "value": 182,
                            },
                            "name": "Matematyka",
                          }
                    }
                    subjectsType="primary"
                />
                <ScoreTextInput
                    examType="advanced"
                    onChange={[Function]}
                    subject={
                        Object {
                            "active": true,
                            "advancedScore": 82,
                            "elementaryScore": 100,
                            "id": "0",
                            "maxScore": Object {
                              "formula": "A/B",
                              "value": 182,
                            },
                            "name": "Matematyka",
                          }
                    }
                    subjectsType="primary"
                />
                %
            </td>
            <td>
                <ToggleSubject
                    active={true}
                    id="0"
                    onToggleClick={[Function]}
                    subjectsType="primary"
                />
            </td>
            <td>
                <DeleteSubject
                    id="0"
                    onDelete={[Function]}
                    subjectsType="primary"
                />
            </td>
        </tr>
    </tbody>
</table>,
  "nodes": Array [
    <table
      className="table mb-0"
>
      <tbody>
            <tr>
                  <th>
                        ID
                  </th>
                  <th>
                        Przedmiot
                  </th>
                  <th>
                        Wynik z matury podstawowej
                  </th>
                  <th>
                        Wynik z matury rozszerzonej
                  </th>
                  <th />
                  <th />
            </tr>
            <tr>
                  <td>
                        2
                  </td>
                  <td>
                        <NameInput
                              onChange={[Function]}
                              subject={
                                    Object {
                                          "active": true,
                                          "advancedScore": 82,
                                          "elementaryScore": 100,
                                          "id": "0",
                                          "maxScore": Object {
                                            "formula": "A/B",
                                            "value": 182,
                                          },
                                          "name": "Matematyka",
                                        }
                              }
                              subjectsType="primary"
                        />
                  </td>
                  <td>
                        <ScoreRangeInput
                              examType="elementary"
                              onChange={[Function]}
                              subject={
                                    Object {
                                          "active": true,
                                          "advancedScore": 82,
                                          "elementaryScore": 100,
                                          "id": "0",
                                          "maxScore": Object {
                                            "formula": "A/B",
                                            "value": 182,
                                          },
                                          "name": "Matematyka",
                                        }
                              }
                              subjectsType="primary"
                        />
                        <ScoreTextInput
                              examType="elementary"
                              onChange={[Function]}
                              subject={
                                    Object {
                                          "active": true,
                                          "advancedScore": 82,
                                          "elementaryScore": 100,
                                          "id": "0",
                                          "maxScore": Object {
                                            "formula": "A/B",
                                            "value": 182,
                                          },
                                          "name": "Matematyka",
                                        }
                              }
                              subjectsType="primary"
                        />
                        %
                  </td>
                  <td>
                        <ScoreRangeInput
                              examType="advanced"
                              onChange={[Function]}
                              subject={
                                    Object {
                                          "active": true,
                                          "advancedScore": 82,
                                          "elementaryScore": 100,
                                          "id": "0",
                                          "maxScore": Object {
                                            "formula": "A/B",
                                            "value": 182,
                                          },
                                          "name": "Matematyka",
                                        }
                              }
                              subjectsType="primary"
                        />
                        <ScoreTextInput
                              examType="advanced"
                              onChange={[Function]}
                              subject={
                                    Object {
                                          "active": true,
                                          "advancedScore": 82,
                                          "elementaryScore": 100,
                                          "id": "0",
                                          "maxScore": Object {
                                            "formula": "A/B",
                                            "value": 182,
                                          },
                                          "name": "Matematyka",
                                        }
                              }
                              subjectsType="primary"
                        />
                        %
                  </td>
                  <td>
                        <ToggleSubject
                              active={true}
                              id="0"
                              onToggleClick={[Function]}
                              subjectsType="primary"
                        />
                  </td>
                  <td>
                        <DeleteSubject
                              id="0"
                              onDelete={[Function]}
                              subjectsType="primary"
                        />
                  </td>
            </tr>
      </tbody>
</table>,
  ],
  "options": Object {},
  "renderer": ReactShallowRenderer {
    "_instance": ShallowComponentWrapper {
      "_calledComponentWillUnmount": false,
      "_compositeType": 2,
      "_context": Object {},
      "_currentElement": <Subject
        onChange={[Function]}
        onDelete={[Function]}
        onToggleClick={[Function]}
        subject={
                Object {
                        "active": true,
                        "advancedScore": 82,
                        "elementaryScore": 100,
                        "id": "0",
                        "maxScore": Object {
                          "formula": "A/B",
                          "value": 182,
                        },
                        "name": "Matematyka",
                      }
        }
        subjectNumber={2}
        subjectsType="primary"
/>,
      "_debugID": 1,
      "_hostContainerInfo": null,
      "_hostParent": null,
      "_instance": StatelessComponent {
        "_reactInternalInstance": [Circular],
        "context": Object {},
        "props": Object {
          "onChange": [Function],
          "onDelete": [Function],
          "onToggleClick": [Function],
          "subject": Object {
            "active": true,
            "advancedScore": 82,
            "elementaryScore": 100,
            "id": "0",
            "maxScore": Object {
              "formula": "A/B",
              "value": 182,
            },
            "name": "Matematyka",
          },
          "subjectNumber": 2,
          "subjectsType": "primary",
        },
        "refs": Object {},
        "state": null,
        "updater": Object {
          "enqueueCallback": [Function],
          "enqueueCallbackInternal": [Function],
          "enqueueElementInternal": [Function],
          "enqueueForceUpdate": [Function],
          "enqueueReplaceState": [Function],
          "enqueueSetState": [Function],
          "isMounted": [Function],
          "validateCallback": [Function],
        },
      },
      "_mountOrder": 1,
      "_pendingCallbacks": null,
      "_pendingElement": null,
      "_pendingForceUpdate": false,
      "_pendingReplaceState": false,
      "_pendingStateQueue": null,
      "_renderedComponent": NoopInternalComponent {
        "_currentElement": <table
          className="table mb-0"
>
          <tbody>
                    <tr>
                              <th>
                                        ID
                              </th>
                              <th>
                                        Przedmiot
                              </th>
                              <th>
                                        Wynik z matury podstawowej
                              </th>
                              <th>
                                        Wynik z matury rozszerzonej
                              </th>
                              <th />
                              <th />
                    </tr>
                    <tr>
                              <td>
                                        2
                              </td>
                              <td>
                                        <NameInput
                                                  onChange={[Function]}
                                                  subject={
                                                            Object {
                                                                      "active": true,
                                                                      "advancedScore": 82,
                                                                      "elementaryScore": 100,
                                                                      "id": "0",
                                                                      "maxScore": Object {
                                                                        "formula": "A/B",
                                                                        "value": 182,
                                                                      },
                                                                      "name": "Matematyka",
                                                                    }
                                                  }
                                                  subjectsType="primary"
                                        />
                              </td>
                              <td>
                                        <ScoreRangeInput
                                                  examType="elementary"
                                                  onChange={[Function]}
                                                  subject={
                                                            Object {
                                                                      "active": true,
                                                                      "advancedScore": 82,
                                                                      "elementaryScore": 100,
                                                                      "id": "0",
                                                                      "maxScore": Object {
                                                                        "formula": "A/B",
                                                                        "value": 182,
                                                                      },
                                                                      "name": "Matematyka",
                                                                    }
                                                  }
                                                  subjectsType="primary"
                                        />
                                        <ScoreTextInput
                                                  examType="elementary"
                                                  onChange={[Function]}
                                                  subject={
                                                            Object {
                                                                      "active": true,
                                                                      "advancedScore": 82,
                                                                      "elementaryScore": 100,
                                                                      "id": "0",
                                                                      "maxScore": Object {
                                                                        "formula": "A/B",
                                                                        "value": 182,
                                                                      },
                                                                      "name": "Matematyka",
                                                                    }
                                                  }
                                                  subjectsType="primary"
                                        />
                                        %
                              </td>
                              <td>
                                        <ScoreRangeInput
                                                  examType="advanced"
                                                  onChange={[Function]}
                                                  subject={
                                                            Object {
                                                                      "active": true,
                                                                      "advancedScore": 82,
                                                                      "elementaryScore": 100,
                                                                      "id": "0",
                                                                      "maxScore": Object {
                                                                        "formula": "A/B",
                                                                        "value": 182,
                                                                      },
                                                                      "name": "Matematyka",
                                                                    }
                                                  }
                                                  subjectsType="primary"
                                        />
                                        <ScoreTextInput
                                                  examType="advanced"
                                                  onChange={[Function]}
                                                  subject={
                                                            Object {
                                                                      "active": true,
                                                                      "advancedScore": 82,
                                                                      "elementaryScore": 100,
                                                                      "id": "0",
                                                                      "maxScore": Object {
                                                                        "formula": "A/B",
                                                                        "value": 182,
                                                                      },
                                                                      "name": "Matematyka",
                                                                    }
                                                  }
                                                  subjectsType="primary"
                                        />
                                        %
                              </td>
                              <td>
                                        <ToggleSubject
                                                  active={true}
                                                  id="0"
                                                  onToggleClick={[Function]}
                                                  subjectsType="primary"
                                        />
                              </td>
                              <td>
                                        <DeleteSubject
                                                  id="0"
                                                  onDelete={[Function]}
                                                  subjectsType="primary"
                                        />
                              </td>
                    </tr>
          </tbody>
</table>,
        "_debugID": 2,
        "_renderedOutput": <table
          className="table mb-0"
>
          <tbody>
                    <tr>
                              <th>
                                        ID
                              </th>
                              <th>
                                        Przedmiot
                              </th>
                              <th>
                                        Wynik z matury podstawowej
                              </th>
                              <th>
                                        Wynik z matury rozszerzonej
                              </th>
                              <th />
                              <th />
                    </tr>
                    <tr>
                              <td>
                                        2
                              </td>
                              <td>
                                        <NameInput
                                                  onChange={[Function]}
                                                  subject={
                                                            Object {
                                                                      "active": true,
                                                                      "advancedScore": 82,
                                                                      "elementaryScore": 100,
                                                                      "id": "0",
                                                                      "maxScore": Object {
                                                                        "formula": "A/B",
                                                                        "value": 182,
                                                                      },
                                                                      "name": "Matematyka",
                                                                    }
                                                  }
                                                  subjectsType="primary"
                                        />
                              </td>
                              <td>
                                        <ScoreRangeInput
                                                  examType="elementary"
                                                  onChange={[Function]}
                                                  subject={
                                                            Object {
                                                                      "active": true,
                                                                      "advancedScore": 82,
                                                                      "elementaryScore": 100,
                                                                      "id": "0",
                                                                      "maxScore": Object {
                                                                        "formula": "A/B",
                                                                        "value": 182,
                                                                      },
                                                                      "name": "Matematyka",
                                                                    }
                                                  }
                                                  subjectsType="primary"
                                        />
                                        <ScoreTextInput
                                                  examType="elementary"
                                                  onChange={[Function]}
                                                  subject={
                                                            Object {
                                                                      "active": true,
                                                                      "advancedScore": 82,
                                                                      "elementaryScore": 100,
                                                                      "id": "0",
                                                                      "maxScore": Object {
                                                                        "formula": "A/B",
                                                                        "value": 182,
                                                                      },
                                                                      "name": "Matematyka",
                                                                    }
                                                  }
                                                  subjectsType="primary"
                                        />
                                        %
                              </td>
                              <td>
                                        <ScoreRangeInput
                                                  examType="advanced"
                                                  onChange={[Function]}
                                                  subject={
                                                            Object {
                                                                      "active": true,
                                                                      "advancedScore": 82,
                                                                      "elementaryScore": 100,
                                                                      "id": "0",
                                                                      "maxScore": Object {
                                                                        "formula": "A/B",
                                                                        "value": 182,
                                                                      },
                                                                      "name": "Matematyka",
                                                                    }
                                                  }
                                                  subjectsType="primary"
                                        />
                                        <ScoreTextInput
                                                  examType="advanced"
                                                  onChange={[Function]}
                                                  subject={
                                                            Object {
                                                                      "active": true,
                                                                      "advancedScore": 82,
                                                                      "elementaryScore": 100,
                                                                      "id": "0",
                                                                      "maxScore": Object {
                                                                        "formula": "A/B",
                                                                        "value": 182,
                                                                      },
                                                                      "name": "Matematyka",
                                                                    }
                                                  }
                                                  subjectsType="primary"
                                        />
                                        %
                              </td>
                              <td>
                                        <ToggleSubject
                                                  active={true}
                                                  id="0"
                                                  onToggleClick={[Function]}
                                                  subjectsType="primary"
                                        />
                              </td>
                              <td>
                                        <DeleteSubject
                                                  id="0"
                                                  onDelete={[Function]}
                                                  subjectsType="primary"
                                        />
                              </td>
                    </tr>
          </tbody>
</table>,
      },
      "_renderedNodeType": 0,
      "_rootNodeID": 0,
      "_topLevelWrapper": null,
      "_updateBatchNumber": null,
      "_warnedAboutRefsInRender": false,
    },
    "getRenderOutput": [Function],
    "render": [Function],
  },
  "root": [Circular],
  "unrendered": <Subject
    onChange={[Function]}
    onDelete={[Function]}
    onToggleClick={[Function]}
    subject={
        Object {
            "active": true,
            "advancedScore": 82,
            "elementaryScore": 100,
            "id": "0",
            "maxScore": Object {
              "formula": "A/B",
              "value": 182,
            },
            "name": "Matematyka",
          }
    }
    subjectNumber={2}
    subjectsType="primary"
/>,
}
`;
